// Jest Snapshot v1, https://goo.gl/fbAQLP

exports[`Game Component Jackpot is showing 1`] = `
<DocumentFragment>
  <div
    class="Game"
  >
    <div
      class="lazyload-wrapper"
    >
      <div
        class="Game__container"
      >
        <img
          alt="Test Game"
          data-testid="image"
          src="https://casino-api-example.s3-eu-west-1.amazonaws.com/images/games/BSGHOULSGOLD.jpg"
        />
        <div
          class="jackpot"
        >
          <div
            class="jackpot__container"
          >
            <span
              class="amount"
            >
              Â£1,000.00
            </span>
          </div>
        </div>
      </div>
      <div
        class="Game__play-button"
      />
    </div>
  </div>
</DocumentFragment>
`;

exports[`Game Component Ribbon new is showing 1`] = `
<DocumentFragment>
  <div
    class="Game"
  >
    <div
      class="lazyload-wrapper"
    >
      <div
        class="Game__container"
      >
        <div
          class="ribbon"
        >
          <span
            class="ribbon__label"
          >
            new
          </span>
        </div>
        <img
          alt="Test Game"
          data-testid="image"
          src="https://casino-api-example.s3-eu-west-1.amazonaws.com/images/games/BSGHOULSGOLD.jpg"
        />
      </div>
      <div
        class="Game__play-button"
      />
    </div>
  </div>
</DocumentFragment>
`;

exports[`Game Component should test Game component 1`] = `
<DocumentFragment>
  <div
    class="Game"
  >
    <div
      class="lazyload-wrapper"
    >
      <div
        class="Game__container"
      >
        <img
          alt="Test Game"
          data-testid="image"
          src="https://casino-api-example.s3-eu-west-1.amazonaws.com/images/games/BSGHOULSGOLD.jpg"
        />
      </div>
      <div
        class="Game__play-button"
      />
    </div>
  </div>
</DocumentFragment>
`;
